// Jest Snapshot v1, https://goo.gl/fbAQLP

exports[`plugin in a stock JBrowse 1`] = `"adapter IndexedFastaAdapter already registered, cannot register it again"`;

exports[`plugin in a stock JBrowse 2`] = `
Object {
  "assemblyName": undefined,
  "configId": Any<String>,
  "faiLocation": Object {
    "uri": "/path/to/seq.fa.fai",
  },
  "fastaLocation": Object {
    "uri": "/path/to/seq.fa",
  },
  "type": "IndexedFastaAdapter",
}
`;
