// Jest Snapshot v1, https://goo.gl/fbAQLP

exports[`<TrackSourceSelect /> renders 1`] = `
<div
  class="TrackSourceSelect-root-1"
>
  <fieldset
    class="MuiFormControl-root-3"
  >
    <div
      aria-label="Data location"
      class="MuiFormGroup-root-7"
      role="radiogroup"
    >
      <label
        class="MuiFormControlLabel-root-9"
      >
        <span
          class="MuiButtonBase-root-30 MuiIconButton-root-24 MuiPrivateSwitchBase-root-20 MuiRadio-root-15 MuiRadio-colorSecondary-19 MuiPrivateSwitchBase-checked-21 MuiRadio-checked-16"
        >
          <span
            class="MuiIconButton-label-29"
          >
            <svg
              aria-hidden="true"
              class="MuiSvgIcon-root-33"
              focusable="false"
              role="presentation"
              viewBox="0 0 24 24"
            >
              <path
                d="M12 7c-2.76 0-5 2.24-5 5s2.24 5 5 5 5-2.24 5-5-2.24-5-5-5zm0-5C6.48 2 2 6.48 2 12s4.48 10 10 10 10-4.48 10-10S17.52 2 12 2zm0 18c-4.42 0-8-3.58-8-8s3.58-8 8-8 8 3.58 8 8-3.58 8-8 8z"
              />
            </svg>
            <input
              checked=""
              class="MuiPrivateSwitchBase-input-23"
              data-testid="addTrackFromFileRadio"
              type="radio"
              value="fromFile"
            />
          </span>
          <span
            class="MuiTouchRipple-root-153"
          />
        </span>
        <span
          class="MuiTypography-root-42 MuiTypography-body1-51 MuiFormControlLabel-label-14"
        >
          From file
        </span>
      </label>
      <label
        class="MuiFormControlLabel-root-9"
      >
        <span
          class="MuiButtonBase-root-30 MuiIconButton-root-24 MuiPrivateSwitchBase-root-20 MuiRadio-root-15 MuiRadio-colorSecondary-19"
        >
          <span
            class="MuiIconButton-label-29"
          >
            <svg
              aria-hidden="true"
              class="MuiSvgIcon-root-33"
              focusable="false"
              role="presentation"
              viewBox="0 0 24 24"
            >
              <path
                d="M12 2C6.48 2 2 6.48 2 12s4.48 10 10 10 10-4.48 10-10S17.52 2 12 2zm0 18c-4.42 0-8-3.58-8-8s3.58-8 8-8 8 3.58 8 8-3.58 8-8 8z"
              />
            </svg>
            <input
              class="MuiPrivateSwitchBase-input-23"
              data-testid="addTrackFromConfigRadio"
              type="radio"
              value="fromConfig"
            />
          </span>
          <span
            class="MuiTouchRipple-root-153"
          />
        </span>
        <span
          class="MuiTypography-root-42 MuiTypography-body1-51 MuiFormControlLabel-label-14"
        >
          From configuration
        </span>
      </label>
    </div>
  </fieldset>
  <div
    class="MuiPaper-root-78 MuiPaper-elevation2-82 MuiPaper-rounded-79 TrackSourceSelect-paper-2"
  >
    <fieldset
      class="MuiFormControl-root-3"
    >
      <div
        class="MuiFormGroup-root-7"
        role="radiogroup"
      >
        <label
          class="MuiFormControlLabel-root-9"
        >
          <span
            class="MuiButtonBase-root-30 MuiIconButton-root-24 MuiPrivateSwitchBase-root-20 MuiRadio-root-15 MuiRadio-colorSecondary-19 MuiPrivateSwitchBase-checked-21 MuiRadio-checked-16"
          >
            <span
              class="MuiIconButton-label-29"
            >
              <svg
                aria-hidden="true"
                class="MuiSvgIcon-root-33"
                focusable="false"
                role="presentation"
                viewBox="0 0 24 24"
              >
                <path
                  d="M12 7c-2.76 0-5 2.24-5 5s2.24 5 5 5 5-2.24 5-5-2.24-5-5-5zm0-5C6.48 2 2 6.48 2 12s4.48 10 10 10 10-4.48 10-10S17.52 2 12 2zm0 18c-4.42 0-8-3.58-8-8s3.58-8 8-8 8 3.58 8 8-3.58 8-8 8z"
                />
              </svg>
              <input
                checked=""
                class="MuiPrivateSwitchBase-input-23"
                type="radio"
                value="uri"
              />
            </span>
            <span
              class="MuiTouchRipple-root-153"
            />
          </span>
          <span
            class="MuiTypography-root-42 MuiTypography-body1-51 MuiFormControlLabel-label-14"
          >
            URL
          </span>
        </label>
        <label
          class="MuiFormControlLabel-root-9 MuiFormControlLabel-disabled-13"
        >
          <span
            class="MuiButtonBase-root-30 MuiButtonBase-disabled-31 MuiIconButton-root-24 MuiIconButton-disabled-28 MuiPrivateSwitchBase-root-20 MuiRadio-root-15 MuiRadio-colorSecondary-19 MuiPrivateSwitchBase-disabled-22 MuiRadio-disabled-17"
            tabindex="-1"
          >
            <span
              class="MuiIconButton-label-29"
            >
              <svg
                aria-hidden="true"
                class="MuiSvgIcon-root-33"
                focusable="false"
                role="presentation"
                viewBox="0 0 24 24"
              >
                <path
                  d="M12 2C6.48 2 2 6.48 2 12s4.48 10 10 10 10-4.48 10-10S17.52 2 12 2zm0 18c-4.42 0-8-3.58-8-8s3.58-8 8-8 8 3.58 8 8-3.58 8-8 8z"
                />
              </svg>
              <input
                class="MuiPrivateSwitchBase-input-23"
                disabled=""
                type="radio"
                value="localPath"
              />
            </span>
          </span>
          <span
            class="MuiTypography-root-42 MuiTypography-body1-51 MuiFormControlLabel-label-14 MuiFormControlLabel-disabled-13"
          >
            Local File
          </span>
        </label>
      </div>
    </fieldset>
    <div
      class="MuiFormControl-root-3 MuiFormControl-fullWidth-6"
    >
      <label
        class="MuiFormLabel-root-116 MuiInputLabel-root-105 MuiInputLabel-formControl-110 MuiInputLabel-animated-113"
        data-shrink="false"
      >
        fileLocation
      </label>
      <div
        class="MuiInputBase-root-136 MuiInput-root-123 MuiInput-underline-127 MuiInputBase-fullWidth-145 MuiInput-fullWidth-130 MuiInputBase-formControl-137 MuiInput-formControl-124"
      >
        <input
          aria-invalid="false"
          class="MuiInputBase-input-146 MuiInput-input-131"
          type="text"
          value=""
        />
      </div>
      
    </div>
  </div>
</div>
`;
