// Jest Snapshot v1, https://goo.gl/fbAQLP

exports[`<AddConnectionDrawerWidget /> renders 1`] = `
<div
  class="AddConnectionDrawerWidget-root-1"
>
  <div
    class="MuiPaper-root-9 MuiPaper-elevation0-11 MuiStepper-root-5 MuiStepper-vertical-7 AddConnectionDrawerWidget-stepper-2"
  >
    <div
      class="MuiStep-root-36 MuiStep-vertical-38"
    >
      <span
        class="MuiStepLabel-root-41 MuiStepLabel-vertical-43"
      >
        <span
          class="MuiStepLabel-iconContainer-49"
        >
          <svg
            aria-hidden="true"
            class="MuiSvgIcon-root-57 MuiStepIcon-root-52 MuiStepIcon-active-54"
            focusable="false"
            role="presentation"
            viewBox="0 0 24 24"
          >
            <circle
              cx="12"
              cy="12"
              r="12"
            />
            <text
              class="MuiStepIcon-text-53"
              text-anchor="middle"
              x="12"
              y="16"
            >
              1
            </text>
          </svg>
        </span>
        <span
          class="MuiStepLabel-labelContainer-51"
        >
          <span
            class="MuiTypography-root-66 MuiTypography-body1-75 MuiStepLabel-label-44 MuiStepLabel-active-45"
          >
            Select a Connection Type
          </span>
        </span>
      </span>
      <div
        class="MuiStepContent-root-102"
        icon="1"
      >
        <div
          class="MuiCollapse-container-105 MuiCollapse-entered-106 MuiStepContent-transition-104"
          style="min-height: 0px;"
        >
          <div
            class="MuiCollapse-wrapper-107"
          >
            <div
              class="MuiCollapse-wrapperInner-108"
            >
              <form
                autocomplete="off"
              >
                <div
                  class="MuiFormControl-root-109 MuiFormControl-fullWidth-112"
                >
                  <div
                    class="MuiInputBase-root-133 MuiInput-root-120 MuiInput-underline-124 MuiInputBase-formControl-134 MuiInput-formControl-121"
                  >
                    <div
                      class="MuiSelect-root-113"
                    >
                      <div
                        aria-haspopup="true"
                        aria-pressed="false"
                        class="MuiSelect-select-114 MuiSelect-selectMenu-117 MuiInputBase-input-143 MuiInput-input-128"
                        role="button"
                        tabindex="0"
                      >
                        <span>
                          â€‹
                        </span>
                      </div>
                      <input
                        type="hidden"
                        value=""
                      />
                      <svg
                        aria-hidden="true"
                        class="MuiSvgIcon-root-57 MuiSelect-icon-119"
                        focusable="false"
                        role="presentation"
                        viewBox="0 0 24 24"
                      >
                        <path
                          d="M7 10l5 5 5-5z"
                        />
                      </svg>
                    </div>
                  </div>
                </div>
              </form>
              <div
                class="AddConnectionDrawerWidget-actionsContainer-4"
              >
                <button
                  class="MuiButtonBase-root-180 MuiButtonBase-disabled-181 MuiButton-root-154 MuiButton-text-156 MuiButton-flat-159 MuiButton-disabled-174 AddConnectionDrawerWidget-button-3"
                  disabled=""
                  tabindex="-1"
                  type="button"
                >
                  <span
                    class="MuiButton-label-155"
                  >
                    Back
                  </span>
                </button>
                <button
                  class="MuiButtonBase-root-180 MuiButtonBase-disabled-181 MuiButton-root-154 MuiButton-contained-165 MuiButton-containedPrimary-166 MuiButton-raised-168 MuiButton-raisedPrimary-169 MuiButton-disabled-174 AddConnectionDrawerWidget-button-3"
                  data-testid="addConnectionNext"
                  disabled=""
                  tabindex="-1"
                  type="button"
                >
                  <span
                    class="MuiButton-label-155"
                  >
                    Next
                  </span>
                </button>
              </div>
            </div>
          </div>
        </div>
      </div>
    </div>
    <div
      class="MuiStepConnector-root-183 MuiStepConnector-vertical-185 MuiStepConnector-disabled-189"
    >
      <span
        class="MuiStepConnector-line-190 MuiStepConnector-lineVertical-192"
      />
    </div>
    <div
      class="MuiStep-root-36 MuiStep-vertical-38"
    >
      <span
        class="MuiStepLabel-root-41 MuiStepLabel-vertical-43 MuiStepLabel-disabled-48"
      >
        <span
          class="MuiStepLabel-iconContainer-49"
        >
          <svg
            aria-hidden="true"
            class="MuiSvgIcon-root-57 MuiStepIcon-root-52"
            focusable="false"
            role="presentation"
            viewBox="0 0 24 24"
          >
            <circle
              cx="12"
              cy="12"
              r="12"
            />
            <text
              class="MuiStepIcon-text-53"
              text-anchor="middle"
              x="12"
              y="16"
            >
              2
            </text>
          </svg>
        </span>
        <span
          class="MuiStepLabel-labelContainer-51"
        >
          <span
            class="MuiTypography-root-66 MuiTypography-body1-75 MuiStepLabel-label-44"
          >
            Configure Connection
          </span>
        </span>
      </span>
      <div
        class="MuiStepContent-root-102 MuiStepContent-last-103"
        disabled=""
        icon="2"
      />
    </div>
  </div>
</div>
`;
