// Jest Snapshot v1, https://goo.gl/fbAQLP

exports[`Core Drawer Widgets adds config editor drawer widget 1`] = `
Object {
  "configId": Any<String>,
}
`;

exports[`Core Drawer Widgets adds data hub manager 1`] = `
Object {
  "configId": Any<String>,
}
`;

exports[`Core Drawer Widgets adds hierarchical track selector 1`] = `
Object {
  "configId": Any<String>,
}
`;

exports[`Core Drawer Widgets adds track add widget 1`] = `
Object {
  "configId": Any<String>,
}
`;
