// Jest Snapshot v1, https://goo.gl/fbAQLP

exports[`<HelpDrawerWidget /> renders 1`] = `
<WithStyles(ForwardRef(Typography))
  variant="h6"
>
  Here's some help:
</WithStyles(ForwardRef(Typography))>
`;
