// Jest Snapshot v1, https://goo.gl/fbAQLP

exports[`plugin in a stock JBrowse 1`] = `
Object {
  "bigWigLocation": Object {
    "baseUri": "",
    "uri": "/path/to/my.bw",
  },
  "type": "BigWigAdapter",
}
`;
