// Jest Snapshot v1, https://goo.gl/fbAQLP

exports[`test using the sequence feature panel 1`] = `Promise {}`;
