// Jest Snapshot v1, https://goo.gl/fbAQLP

exports[`HierarchicalTrackSelector drawer widget renders with a couple of categorized tracks 1`] = `
<div
  class="HierarchicalTrackSelector-root-1"
  data-testid="hierarchical_track_selector"
>
  <div
    class="MuiFormControl-root MuiTextField-root HierarchicalTrackSelector-searchBox-2 MuiFormControl-fullWidth"
  >
    <label
      class="MuiFormLabel-root MuiInputLabel-root MuiInputLabel-formControl MuiInputLabel-animated"
      data-shrink="false"
    >
      Filter Tracks
    </label>
    <div
      class="MuiInputBase-root MuiInput-root MuiInput-underline MuiInputBase-fullWidth MuiInput-fullWidth MuiInputBase-formControl MuiInput-formControl MuiInputBase-adornedEnd"
    >
      <input
        aria-invalid="false"
        class="MuiInputBase-input MuiInput-input MuiInputBase-inputAdornedEnd"
        type="text"
        value=""
      />
      <div
        class="MuiInputAdornment-root MuiInputAdornment-positionEnd"
      >
        <button
          class="MuiButtonBase-root MuiIconButton-root"
          tabindex="0"
          type="button"
        >
          <span
            class="MuiIconButton-label"
          >
            <span
              aria-hidden="true"
              class="material-icons MuiIcon-root"
            >
              clear
            </span>
          </span>
          <span
            class="MuiTouchRipple-root"
          />
        </button>
      </div>
    </div>
    
  </div>
  <div
    class="MuiFormGroup-root"
  />
  <button
    class="MuiButtonBase-root MuiFab-root HierarchicalTrackSelector-fab-3 MuiFab-secondary"
    tabindex="0"
    type="button"
  >
    <span
      class="MuiFab-label"
    >
      <span
        aria-hidden="true"
        class="material-icons MuiIcon-root"
      >
        add
      </span>
    </span>
    <span
      class="MuiTouchRipple-root"
    />
  </button>
</div>
`;

exports[`HierarchicalTrackSelector drawer widget renders with a couple of uncategorized tracks 1`] = `
<div
  class="HierarchicalTrackSelector-root-1"
  data-testid="hierarchical_track_selector"
>
  <div
    class="MuiFormControl-root MuiTextField-root HierarchicalTrackSelector-searchBox-2 MuiFormControl-fullWidth"
  >
    <label
      class="MuiFormLabel-root MuiInputLabel-root MuiInputLabel-formControl MuiInputLabel-animated"
      data-shrink="false"
    >
      Filter Tracks
    </label>
    <div
      class="MuiInputBase-root MuiInput-root MuiInput-underline MuiInputBase-fullWidth MuiInput-fullWidth MuiInputBase-formControl MuiInput-formControl MuiInputBase-adornedEnd"
    >
      <input
        aria-invalid="false"
        class="MuiInputBase-input MuiInput-input MuiInputBase-inputAdornedEnd"
        type="text"
        value=""
      />
      <div
        class="MuiInputAdornment-root MuiInputAdornment-positionEnd"
      >
        <button
          class="MuiButtonBase-root MuiIconButton-root"
          tabindex="0"
          type="button"
        >
          <span
            class="MuiIconButton-label"
          >
            <span
              aria-hidden="true"
              class="material-icons MuiIcon-root"
            >
              clear
            </span>
          </span>
          <span
            class="MuiTouchRipple-root"
          />
        </button>
      </div>
    </div>
    
  </div>
  <div
    class="MuiFormGroup-root"
  />
  <button
    class="MuiButtonBase-root MuiFab-root HierarchicalTrackSelector-fab-3 MuiFab-secondary"
    tabindex="0"
    type="button"
  >
    <span
      class="MuiFab-label"
    >
      <span
        aria-hidden="true"
        class="material-icons MuiIcon-root"
      >
        add
      </span>
    </span>
    <span
      class="MuiTouchRipple-root"
    />
  </button>
</div>
`;

exports[`HierarchicalTrackSelector drawer widget renders with just the required model elements 1`] = `
<div
  class="HierarchicalTrackSelector-root-1"
  data-testid="hierarchical_track_selector"
>
  <div
    class="MuiFormControl-root MuiTextField-root HierarchicalTrackSelector-searchBox-2 MuiFormControl-fullWidth"
  >
    <label
      class="MuiFormLabel-root MuiInputLabel-root MuiInputLabel-formControl MuiInputLabel-animated"
      data-shrink="false"
    >
      Filter Tracks
    </label>
    <div
      class="MuiInputBase-root MuiInput-root MuiInput-underline MuiInputBase-fullWidth MuiInput-fullWidth MuiInputBase-formControl MuiInput-formControl MuiInputBase-adornedEnd"
    >
      <input
        aria-invalid="false"
        class="MuiInputBase-input MuiInput-input MuiInputBase-inputAdornedEnd"
        type="text"
        value=""
      />
      <div
        class="MuiInputAdornment-root MuiInputAdornment-positionEnd"
      >
        <button
          class="MuiButtonBase-root MuiIconButton-root"
          tabindex="0"
          type="button"
        >
          <span
            class="MuiIconButton-label"
          >
            <span
              aria-hidden="true"
              class="material-icons MuiIcon-root"
            >
              clear
            </span>
          </span>
          <span
            class="MuiTouchRipple-root"
          />
        </button>
      </div>
    </div>
    
  </div>
  <div
    class="MuiFormGroup-root"
  />
  <button
    class="MuiButtonBase-root MuiFab-root HierarchicalTrackSelector-fab-3 MuiFab-secondary"
    tabindex="0"
    type="button"
  >
    <span
      class="MuiFab-label"
    >
      <span
        aria-hidden="true"
        class="material-icons MuiIcon-root"
      >
        add
      </span>
    </span>
    <span
      class="MuiTouchRipple-root"
    />
  </button>
</div>
`;
