// Jest Snapshot v1, https://goo.gl/fbAQLP

exports[`plugin in a stock JBrowse 1`] = `
Object {
  "endpoint": Object {
    "originalUri": "",
    "uri": "https://somesite.com/sparql",
  },
  "type": "SPARQLAdapter",
}
`;
