// Jest Snapshot v1, https://goo.gl/fbAQLP

exports[`plugin in a stock JBrowse 1`] = `
Object {
  "bigBedLocation": Object {
    "originalUri": "",
    "uri": "/path/to/my.bb",
  },
  "type": "BigBedAdapter",
}
`;
