// Jest Snapshot v1, https://goo.gl/fbAQLP

exports[`adapter can fetch features from volvox.bw 1`] = `
Array [
  Object {
    "end": 1003,
    "score": 18,
    "start": 1002,
    "uniqueId": "1003",
  },
  Object {
    "end": 1004,
    "score": 18,
    "start": 1003,
    "uniqueId": "1004",
  },
  Object {
    "end": 1005,
    "score": 18,
    "start": 1004,
    "uniqueId": "1005",
  },
  Object {
    "end": 1006,
    "score": 19,
    "start": 1005,
    "uniqueId": "1006",
  },
  Object {
    "end": 1007,
    "score": 20,
    "start": 1006,
    "uniqueId": "1007",
  },
  Object {
    "end": 1008,
    "score": 20,
    "start": 1007,
    "uniqueId": "1008",
  },
  Object {
    "end": 1009,
    "score": 20,
    "start": 1008,
    "uniqueId": "1009",
  },
  Object {
    "end": 1010,
    "score": 20,
    "start": 1009,
    "uniqueId": "1010",
  },
  Object {
    "end": 1011,
    "score": 20,
    "start": 1010,
    "uniqueId": "1011",
  },
  Object {
    "end": 1012,
    "score": 19,
    "start": 1011,
    "uniqueId": "1012",
  },
]
`;
