// Jest Snapshot v1, https://goo.gl/fbAQLP

exports[`plugin in a stock JBrowse 1`] = `"adapter BigWigAdapter already registered, cannot register it again"`;

exports[`plugin in a stock JBrowse 2`] = `
Object {
  "assemblyName": undefined,
  "bigWigLocation": Object {
    "uri": "/path/to/my.bw",
  },
  "configId": Any<String>,
  "type": "BigWigAdapter",
}
`;
