// Jest Snapshot v1, https://goo.gl/fbAQLP

exports[`VariantTrack drawer widget renders with just the required model elements 1`] = `
<div
  class="MuiPaper-root MuiPaper-elevation1 MuiPaper-rounded"
  data-testid="variant-side-drawer"
>
  <div
    class="MuiPaper-root MuiPaper-elevation1 MuiCard-root MuiPaper-rounded"
  >
    <div
      class="MuiCardHeader-root makeStyles-header-5"
    >
      <div
        class="MuiCardHeader-content"
      >
        <span
          class="MuiTypography-root MuiCardHeader-title makeStyles-title-6 MuiTypography-h5 MuiTypography-displayBlock"
        >
          Primary data
        </span>
      </div>
    </div>
    <div
      class="MuiCardContent-root"
    >
      <div>
        <div
          class="makeStyles-fieldName-3"
        >
          Position
        </div>
        <div
          class="makeStyles-fieldValue-4"
        >
          ctgA:NaN..undefined
        </div>
      </div>
      NaN
    </div>
  </div>
  <hr
    class="MuiDivider-root"
  />
  <div
    class="MuiPaper-root MuiPaper-elevation1 MuiCard-root MuiPaper-rounded"
  >
    <div
      class="MuiCardHeader-root makeStyles-header-5"
    >
      <div
        class="MuiCardHeader-content"
      >
        <span
          class="MuiTypography-root MuiCardHeader-title makeStyles-title-6 MuiTypography-h5 MuiTypography-displayBlock"
        >
          Attributes
        </span>
      </div>
    </div>
    <div
      class="MuiCardContent-root"
    >
      <div>
        <div
          class="makeStyles-fieldName-3"
        >
          MQ
        </div>
        <div
          class="makeStyles-fieldValue-4"
        >
          5
        </div>
      </div>
      <div>
        <div
          class="makeStyles-fieldName-3"
        >
          REF
        </div>
        <div
          class="makeStyles-fieldValue-4"
        >
          A
        </div>
      </div>
      <div>
        <div
          class="makeStyles-fieldName-3"
        >
          ALT
        </div>
        <div
          class="makeStyles-fieldValue-4"
        >
          C
        </div>
      </div>
      <div>
        <div
          class="makeStyles-fieldName-3"
        >
          QUAL
        </div>
        <div
          class="makeStyles-fieldValue-4"
        >
          10.4
        </div>
      </div>
    </div>
  </div>
  <hr
    class="MuiDivider-root"
  />
</div>
`;
