// Jest Snapshot v1, https://goo.gl/fbAQLP

exports[`plugin in a stock JBrowse 1`] = `
Object {
  "configId": Any<String>,
  "twoBitLocation": Object {
    "uri": "/path/to/my.2bit",
  },
  "type": "TwoBitAdapter",
}
`;
