// Jest Snapshot v1, https://goo.gl/fbAQLP

exports[`<MainMenuBar /> renders 1`] = `
<WithStyles(AppBar)
  className="MainMenuBar-root-1"
  position="static"
>
  <WithStyles(Toolbar)
    variant="dense"
  >
    <WithStyles(Typography)
      color="inherit"
      variant="h6"
    >
      JBrowse
    </WithStyles(Typography)>
    <div
      className="MainMenuBar-grow-2"
    />
    <Component
      key="Help"
      menuItems={
        Array [
          Object {
            "callback": "openAbout",
            "icon": "info",
            "name": "About",
          },
          Object {
            "callback": "openHelp",
            "icon": "help",
            "name": "Help",
          },
          Object {
            "callback": "openAssemblyEditor",
            "icon": "edit",
            "name": "Assemblies",
          },
        ]
      }
      menuTitle="Help"
    />
    <div
      style={
        Object {
          "width": 0,
        }
      }
    />
  </WithStyles(Toolbar)>
</WithStyles(AppBar)>
`;
