// Jest Snapshot v1, https://goo.gl/fbAQLP

exports[`Core Drawer Widgets adds config editor drawer widget 1`] = `
Object {
  "configId": Any<String>,
}
`;
