// Jest Snapshot v1, https://goo.gl/fbAQLP

exports[`basic protein widget rendering 1`] = `
<rect
  data-testid="IPR005225_1_159"
  fill="black"
  height="10"
  title="IPR005225_1_159"
  width="3160"
  x="20"
  y="0"
/>
`;
