// Jest Snapshot v1, https://goo.gl/fbAQLP

exports[`LinearGenomeView genome view component renders one track, no blocks 1`] = `
<div
  class="makeStyles-root-21"
>
  <div
    class="makeStyles-linearGenomeView-22"
    style="display: grid; position: relative; grid-template-rows: [header] auto  [scale-bar] auto [track-foo] 20px [resize-foo] 3px; grid-template-columns: [controls] 100px [blocks] auto;"
  >
    <div
      style="width: 100%; height: 100%;"
    />
    <div
      class="makeStyles-controls-23 makeStyles-viewControls-24"
      style="grid-row: scale-bar;"
    />
    <div
      class="Rubberband-rubberBandContainer-38"
      data-testid="rubberband_container"
      role="presentation"
    >
      <div
        class="makeStyles-scaleBar-39"
      />
    </div>
    <div
      class="makeStyles-controls-23 makeStyles-trackControls-25"
      style="grid-row: track-foo; grid-column: controls;"
    >
      <button
        class="MuiButtonBase-root MuiIconButton-root makeStyles-iconButton-43"
        tabindex="0"
        title="close this track"
        type="button"
      >
        <span
          class="MuiIconButton-label"
        >
          <span
            aria-hidden="true"
            class="material-icons MuiIcon-root MuiIcon-fontSizeSmall"
          >
            close
          </span>
        </span>
        <span
          class="MuiTouchRipple-root"
        />
      </button>
      <button
        class="MuiButtonBase-root MuiToggleButton-root makeStyles-toggleButton-44 MuiToggleButton-sizeSmall"
        style="min-width: 0;"
        tabindex="0"
        title="configure track"
        type="button"
        value="configure"
      >
        <span
          class="MuiToggleButton-label"
        >
          <span
            aria-hidden="true"
            class="material-icons MuiIcon-root MuiIcon-fontSizeSmall"
          >
            settings
          </span>
        </span>
        <span
          class="MuiTouchRipple-root"
        />
      </button>
      <p
        class="MuiTypography-root makeStyles-trackName-41 MuiTypography-body1"
      >
        Foo Track
      </p>
      <span
        class="MuiTypography-root makeStyles-trackDescription-42 MuiTypography-caption MuiTypography-colorTextSecondary"
      />
    </div>
    <div
      class="TrackRenderingContainer-trackRenderingContainer-102"
      role="presentation"
      style="grid-row: track-foo; grid-column: blocks;"
    >
      <div
        class="makeStyles-track-103"
        data-testid="track-testConfig"
        role="presentation"
      >
        <div
          class="makeStyles-trackBlocks-104"
          data-testid="Block"
        />
      </div>
    </div>
    <div
      class="makeStyles-horizontalHandle-107"
      role="presentation"
      style="grid-row: resize-foo; grid-column: span 2; background: rgb(204, 204, 204); box-sizing: border-box; border-top: 1px solid #fafafa;"
    />
  </div>
</div>
`;

exports[`LinearGenomeView genome view component renders two tracks, two regions 1`] = `
<div
  class="makeStyles-root-235"
>
  <div
    class="makeStyles-linearGenomeView-236"
    style="display: grid; position: relative; grid-template-rows: [header] auto  [scale-bar] auto [track-foo] 20px [resize-foo] 3px [track-bar] 20px [resize-bar] 3px; grid-template-columns: [controls] 100px [blocks] auto;"
  >
    <div
      style="width: 100%; height: 100%;"
    />
    <div
      class="makeStyles-controls-237 makeStyles-viewControls-238"
      style="grid-row: scale-bar;"
    />
    <div
      class="Rubberband-rubberBandContainer-252"
      data-testid="rubberband_container"
      role="presentation"
    >
      <div
        class="makeStyles-scaleBar-253"
      >
        <div
          class="makeStyles-block-255 makeStyles-leftBorder-256 makeStyles-rightBorder-257"
          style="left: 0px; width: 100px;"
        >
          <svg
            height="32"
            width="100"
          >
            <line
              class="makeStyles-majorTick-259"
              data-bp="-1"
              stroke="#555"
              stroke-width="1"
              x1="-1"
              x2="-1"
              y1="0"
              y2="6"
            />
            <line
              class="makeStyles-minorTick-260"
              data-bp="19"
              stroke="#999"
              stroke-width="1"
              x1="19"
              x2="19"
              y1="0"
              y2="4"
            />
            <line
              class="makeStyles-minorTick-260"
              data-bp="39"
              stroke="#999"
              stroke-width="1"
              x1="39"
              x2="39"
              y1="0"
              y2="4"
            />
            <line
              class="makeStyles-minorTick-260"
              data-bp="59"
              stroke="#999"
              stroke-width="1"
              x1="59"
              x2="59"
              y1="0"
              y2="4"
            />
            <line
              class="makeStyles-minorTick-260"
              data-bp="79"
              stroke="#999"
              stroke-width="1"
              x1="79"
              x2="79"
              y1="0"
              y2="4"
            />
            <line
              class="makeStyles-majorTick-259"
              data-bp="99"
              stroke="#555"
              stroke-width="1"
              x1="99"
              x2="99"
              y1="0"
              y2="6"
            />
            <line
              class="makeStyles-minorTick-260"
              data-bp="119"
              stroke="#999"
              stroke-width="1"
              x1="119"
              x2="119"
              y1="0"
              y2="4"
            />
            <text
              class="makeStyles-majorTickLabel-258"
              dominant-baseline="hanging"
              style="font-size: 11px;"
              x="-4"
              y="7"
            >
              0
            </text>
            <text
              class="makeStyles-majorTickLabel-258"
              dominant-baseline="hanging"
              style="font-size: 11px;"
              x="96"
              y="7"
            >
              100
            </text>
          </svg>
        </div>
        <div
          class="makeStyles-refLabel-254"
        >
          ctgA
        </div>
      </div>
    </div>
    <div
      class="makeStyles-controls-237 makeStyles-trackControls-239"
      style="grid-row: track-foo; grid-column: controls;"
    >
      <button
        class="MuiButtonBase-root MuiIconButton-root makeStyles-iconButton-265"
        tabindex="0"
        title="close this track"
        type="button"
      >
        <span
          class="MuiIconButton-label"
        >
          <span
            aria-hidden="true"
            class="material-icons MuiIcon-root MuiIcon-fontSizeSmall"
          >
            close
          </span>
        </span>
        <span
          class="MuiTouchRipple-root"
        />
      </button>
      <button
        class="MuiButtonBase-root MuiToggleButton-root makeStyles-toggleButton-266 MuiToggleButton-sizeSmall"
        style="min-width: 0;"
        tabindex="0"
        title="configure track"
        type="button"
        value="configure"
      >
        <span
          class="MuiToggleButton-label"
        >
          <span
            aria-hidden="true"
            class="material-icons MuiIcon-root MuiIcon-fontSizeSmall"
          >
            settings
          </span>
        </span>
        <span
          class="MuiTouchRipple-root"
        />
      </button>
      <p
        class="MuiTypography-root makeStyles-trackName-263 MuiTypography-body1"
      >
        Foo Track
      </p>
      <span
        class="MuiTypography-root makeStyles-trackDescription-264 MuiTypography-caption MuiTypography-colorTextSecondary"
      />
    </div>
    <div
      class="TrackRenderingContainer-trackRenderingContainer-324"
      role="presentation"
      style="grid-row: track-foo; grid-column: blocks;"
    >
      <div
        class="makeStyles-track-325"
        data-testid="track-testConfig"
        role="presentation"
      >
        <div
          class="makeStyles-trackBlocks-326"
          data-testid="Block"
        >
          <div
            class="makeStyles-block-255 makeStyles-leftBorder-256 makeStyles-rightBorder-257"
            style="left: 0px; width: 100px;"
          >
            <div
              class="makeStyles-blockMessage-331"
            >
              region assembly does not match track assembly
            </div>
          </div>
        </div>
      </div>
    </div>
    <div
      class="makeStyles-horizontalHandle-332"
      role="presentation"
      style="grid-row: resize-foo; grid-column: span 2; background: rgb(204, 204, 204); box-sizing: border-box; border-top: 1px solid #fafafa;"
    />
    <div
      class="makeStyles-controls-237 makeStyles-trackControls-239"
      style="grid-row: track-bar; grid-column: controls;"
    >
      <button
        class="MuiButtonBase-root MuiIconButton-root makeStyles-iconButton-265"
        tabindex="0"
        title="close this track"
        type="button"
      >
        <span
          class="MuiIconButton-label"
        >
          <span
            aria-hidden="true"
            class="material-icons MuiIcon-root MuiIcon-fontSizeSmall"
          >
            close
          </span>
        </span>
        <span
          class="MuiTouchRipple-root"
        />
      </button>
      <button
        class="MuiButtonBase-root MuiToggleButton-root makeStyles-toggleButton-266 MuiToggleButton-sizeSmall"
        style="min-width: 0;"
        tabindex="0"
        title="configure track"
        type="button"
        value="configure"
      >
        <span
          class="MuiToggleButton-label"
        >
          <span
            aria-hidden="true"
            class="material-icons MuiIcon-root MuiIcon-fontSizeSmall"
          >
            settings
          </span>
        </span>
        <span
          class="MuiTouchRipple-root"
        />
      </button>
      <p
        class="MuiTypography-root makeStyles-trackName-263 MuiTypography-body1"
      >
        Bar Track
      </p>
      <span
        class="MuiTypography-root makeStyles-trackDescription-264 MuiTypography-caption MuiTypography-colorTextSecondary"
      />
    </div>
    <div
      class="TrackRenderingContainer-trackRenderingContainer-324"
      role="presentation"
      style="grid-row: track-bar; grid-column: blocks;"
    >
      <div
        class="makeStyles-track-325"
        data-testid="track-testConfig2"
        role="presentation"
      >
        <div
          class="makeStyles-trackBlocks-326"
          data-testid="Block"
        >
          <div
            class="makeStyles-block-255 makeStyles-leftBorder-256 makeStyles-rightBorder-257"
            style="left: 0px; width: 100px;"
          >
            <div
              class="makeStyles-blockMessage-331"
            >
              region assembly does not match track assembly
            </div>
          </div>
        </div>
      </div>
    </div>
    <div
      class="makeStyles-horizontalHandle-332"
      role="presentation"
      style="grid-row: resize-bar; grid-column: span 2; background: rgb(204, 204, 204); box-sizing: border-box; border-top: 1px solid #fafafa;"
    />
  </div>
</div>
`;

exports[`LinearGenomeView genome view component renders with an empty model 1`] = `
<div
  class="makeStyles-root-1"
>
  <div
    class="makeStyles-linearGenomeView-2"
    style="display: grid; position: relative; grid-template-rows: [header] auto  [scale-bar] auto; grid-template-columns: [controls] 100px [blocks] auto;"
  >
    <div
      style="width: 100%; height: 100%;"
    />
    <div
      class="makeStyles-controls-3 makeStyles-viewControls-4"
      style="grid-row: scale-bar;"
    />
    <div
      class="Rubberband-rubberBandContainer-18"
      data-testid="rubberband_container"
      role="presentation"
    >
      <div
        class="makeStyles-scaleBar-19"
      />
    </div>
  </div>
</div>
`;
