// Jest Snapshot v1, https://goo.gl/fbAQLP

exports[`can make a layer over a complex nested schema 1`] = `
Object {
  "layer": Object {
    "arrayOfSubs": Array [
      Object {
        "arrayMemberAttr1": "bart",
        "parentConfigPath": "../../../parent/arrayOfSubs/0",
      },
    ],
    "foo": "zee",
    "mapOfSubs": Object {
      "three": Object {
        "mapMemberAttr1": "minnie",
        "parentConfigPath": "../../../parent/mapOfSubs/one",
      },
    },
    "parentConfigPath": "../parent",
    "sub1": Object {
      "parentConfigPath": "../../parent/sub1",
      "sub1attr1": "zook",
    },
  },
  "name": "testSession",
  "parent": Object {
    "arrayOfSubs": Array [
      Object {
        "arrayMemberAttr1": "marge",
      },
    ],
    "foo": "zonk",
    "mapOfSubs": Object {
      "one": Object {
        "mapMemberAttr1": "pluto",
      },
    },
    "sub1": Object {
      "sub1attr1": "zonk",
    },
  },
  "pluginManager": "mockPluginManager",
}
`;
