// Jest Snapshot v1, https://goo.gl/fbAQLP

exports[`breakpoint split view open a split view 1`] = `
<svg
  data-testid="breakpoint-split-squiggles-loaded"
  style="width: 100%; z-index: 10000; pointer-events: none;"
>
  <path
    d="M 407.99312656000257 66.5 C 607.9931265600026 66.5 203.41868021525443 221.5 403.4186802152544 221.5"
    fill="none"
    stroke="black"
  />
  <path
    d="M 658.4186802152544 221.5 C 858.4186802152544 221.5 206.99312656000257 39.5 406.99312656000257 39.5"
    fill="none"
    stroke="black"
  />
</svg>
`;
