// Jest Snapshot v1, https://goo.gl/fbAQLP

exports[`can render a single region with Pileup + BamAdapter 1`] = `"<div class=\\"PileupRendering\\" data-reactroot=\\"\\"><div class=\\"feature\\" data-feature-id=\\"2135426977\\">2135426977</div><div class=\\"feature\\" data-feature-id=\\"-487480200\\">-487480200</div><div class=\\"feature\\" data-feature-id=\\"1390838279\\">1390838279</div><div class=\\"feature\\" data-feature-id=\\"1150161791\\">1150161791</div><div class=\\"feature\\" data-feature-id=\\"-432814408\\">-432814408</div><div class=\\"feature\\" data-feature-id=\\"-1327260758\\">-1327260758</div><div class=\\"feature\\" data-feature-id=\\"904949709\\">904949709</div><div class=\\"feature\\" data-feature-id=\\"-1573216292\\">-1573216292</div><div class=\\"feature\\" data-feature-id=\\"1542598533\\">1542598533</div><div class=\\"feature\\" data-feature-id=\\"208318216\\">208318216</div><div class=\\"feature\\" data-feature-id=\\"-526084999\\">-526084999</div><div class=\\"feature\\" data-feature-id=\\"-1402357424\\">-1402357424</div><div class=\\"feature\\" data-feature-id=\\"230630259\\">230630259</div><div class=\\"feature\\" data-feature-id=\\"-1240580270\\">-1240580270</div><div class=\\"feature\\" data-feature-id=\\"-126415083\\">-126415083</div><div class=\\"feature\\" data-feature-id=\\"-924959209\\">-924959209</div><div class=\\"feature\\" data-feature-id=\\"1213790853\\">1213790853</div><div class=\\"feature\\" data-feature-id=\\"1480692980\\">1480692980</div><div class=\\"feature\\" data-feature-id=\\"1806471452\\">1806471452</div><div class=\\"feature\\" data-feature-id=\\"1114949599\\">1114949599</div><div class=\\"feature\\" data-feature-id=\\"-624523461\\">-624523461</div><div class=\\"feature\\" data-feature-id=\\"941345053\\">941345053</div><div class=\\"feature\\" data-feature-id=\\"543331399\\">543331399</div><div class=\\"feature\\" data-feature-id=\\"-970365713\\">-970365713</div><div class=\\"feature\\" data-feature-id=\\"1478804620\\">1478804620</div><div class=\\"feature\\" data-feature-id=\\"710214930\\">710214930</div><div class=\\"feature\\" data-feature-id=\\"-1590347580\\">-1590347580</div><div class=\\"feature\\" data-feature-id=\\"1615231956\\">1615231956</div><div class=\\"feature\\" data-feature-id=\\"-999079398\\">-999079398</div><div class=\\"feature\\" data-feature-id=\\"212318835\\">212318835</div><div class=\\"feature\\" data-feature-id=\\"21405281\\">21405281</div><div class=\\"feature\\" data-feature-id=\\"298547082\\">298547082</div><div class=\\"feature\\" data-feature-id=\\"-632885881\\">-632885881</div><div class=\\"feature\\" data-feature-id=\\"230559949\\">230559949</div><div class=\\"feature\\" data-feature-id=\\"1358701805\\">1358701805</div><div class=\\"feature\\" data-feature-id=\\"-1150282940\\">-1150282940</div><div class=\\"feature\\" data-feature-id=\\"-584714253\\">-584714253</div><div class=\\"feature\\" data-feature-id=\\"-1543509453\\">-1543509453</div><div class=\\"feature\\" data-feature-id=\\"49754882\\">49754882</div><div class=\\"feature\\" data-feature-id=\\"1697419078\\">1697419078</div><div class=\\"feature\\" data-feature-id=\\"-467929454\\">-467929454</div><div class=\\"feature\\" data-feature-id=\\"-1903522961\\">-1903522961</div><div class=\\"feature\\" data-feature-id=\\"1449206326\\">1449206326</div><div class=\\"feature\\" data-feature-id=\\"748240882\\">748240882</div><div class=\\"feature\\" data-feature-id=\\"93246257\\">93246257</div><div class=\\"feature\\" data-feature-id=\\"911993950\\">911993950</div><div class=\\"feature\\" data-feature-id=\\"93942220\\">93942220</div><div class=\\"feature\\" data-feature-id=\\"-54442761\\">-54442761</div><div class=\\"feature\\" data-feature-id=\\"-1682306516\\">-1682306516</div><div class=\\"feature\\" data-feature-id=\\"881925482\\">881925482</div><div class=\\"feature\\" data-feature-id=\\"531931475\\">531931475</div><div class=\\"feature\\" data-feature-id=\\"1004747877\\">1004747877</div><div class=\\"feature\\" data-feature-id=\\"-724923975\\">-724923975</div><div class=\\"feature\\" data-feature-id=\\"640474988\\">640474988</div><div class=\\"feature\\" data-feature-id=\\"-783205836\\">-783205836</div><div class=\\"feature\\" data-feature-id=\\"2112054817\\">2112054817</div><div class=\\"feature\\" data-feature-id=\\"431313551\\">431313551</div><div class=\\"feature\\" data-feature-id=\\"-1280931855\\">-1280931855</div><div class=\\"feature\\" data-feature-id=\\"679424769\\">679424769</div><div class=\\"feature\\" data-feature-id=\\"-1294921403\\">-1294921403</div><div class=\\"feature\\" data-feature-id=\\"-397495927\\">-397495927</div><div class=\\"feature\\" data-feature-id=\\"1514689949\\">1514689949</div><div class=\\"feature\\" data-feature-id=\\"-1676418289\\">-1676418289</div><div class=\\"feature\\" data-feature-id=\\"1846631799\\">1846631799</div><div class=\\"feature\\" data-feature-id=\\"1272673179\\">1272673179</div><div class=\\"feature\\" data-feature-id=\\"1882240796\\">1882240796</div><div class=\\"feature\\" data-feature-id=\\"-233455955\\">-233455955</div><div class=\\"feature\\" data-feature-id=\\"529426168\\">529426168</div><div class=\\"feature\\" data-feature-id=\\"68768545\\">68768545</div><div class=\\"feature\\" data-feature-id=\\"-1578361879\\">-1578361879</div><div class=\\"feature\\" data-feature-id=\\"-1730672711\\">-1730672711</div><div class=\\"feature\\" data-feature-id=\\"687062757\\">687062757</div><div class=\\"feature\\" data-feature-id=\\"-1055583960\\">-1055583960</div><div class=\\"feature\\" data-feature-id=\\"374397043\\">374397043</div><div class=\\"feature\\" data-feature-id=\\"1401207929\\">1401207929</div><div class=\\"feature\\" data-feature-id=\\"-1861902917\\">-1861902917</div><div class=\\"feature\\" data-feature-id=\\"-541132950\\">-541132950</div><div class=\\"feature\\" data-feature-id=\\"1559390564\\">1559390564</div><div class=\\"feature\\" data-feature-id=\\"1086146284\\">1086146284</div><div class=\\"feature\\" data-feature-id=\\"-1706997693\\">-1706997693</div><div class=\\"feature\\" data-feature-id=\\"-1199599379\\">-1199599379</div><div class=\\"feature\\" data-feature-id=\\"53128272\\">53128272</div><div class=\\"feature\\" data-feature-id=\\"1629308221\\">1629308221</div><div class=\\"feature\\" data-feature-id=\\"-517500600\\">-517500600</div><div class=\\"feature\\" data-feature-id=\\"1410870858\\">1410870858</div><div class=\\"feature\\" data-feature-id=\\"-866123030\\">-866123030</div><div class=\\"feature\\" data-feature-id=\\"1046677334\\">1046677334</div><div class=\\"feature\\" data-feature-id=\\"750545343\\">750545343</div><div class=\\"feature\\" data-feature-id=\\"-1157339540\\">-1157339540</div><div class=\\"feature\\" data-feature-id=\\"1079933533\\">1079933533</div><div class=\\"feature\\" data-feature-id=\\"-262734143\\">-262734143</div><div class=\\"feature\\" data-feature-id=\\"-94743417\\">-94743417</div><div class=\\"feature\\" data-feature-id=\\"-1223356361\\">-1223356361</div></div>"`;
